// Jest Snapshot v1, https://goo.gl/fbAQLP

exports[`Title should render correctly 1`] = `
<styled.div
  size={2}
  unit="rem"
>
  Hello
</styled.div>
`;
